
> mentorme-ai@1.0.0 test
> vitest CoCreatorSession


[7m[1m[34m DEV [39m[22m[27m [34mv1.6.1[39m [90mC:/Users/91996/Downloads/Projects/MentorMe-AI[39m

 [32mΓ£ô[39m tests/components/CoCreatorSession.test.tsx [2m ([22m[2m2 tests[22m[2m)[22m[33m 3230[2mms[22m[39m

[2m Test Files [22m [1m[32m1 passed[39m[22m[90m (1)[39m
[2m      Tests [22m [1m[32m2 passed[39m[22m[90m (2)[39m
[2m   Start at [22m 05:56:54
[2m   Duration [22m 5.41s[2m (transform 147ms, setup 190ms, collect 614ms, tests 3.23s, environment 880ms, prepare 185ms)[22m


[1m[7m[32m PASS [39m[27m[22m[32m Waiting for file changes...[39m
       [2mpress [22m[1mh[22m[2m to show help[22m[2m, [22m[2mpress [22m[1mq[22m[2m to quit[22m
